../Core/Src/main.c:217:5:main	24	static
../Core/Src/main.c:338:6:SystemClock_Config	120	static
../Core/Src/main.c:404:6:PeriphCommonClock_Config	200	static
../Core/Src/main.c:431:13:MX_ADC1_Init	48	static
../Core/Src/main.c:499:13:MX_ADC2_Init	40	static
../Core/Src/main.c:558:13:MX_ADC3_Init	40	static
../Core/Src/main.c:616:13:MX_ETH_Init	8	static
../Core/Src/main.c:665:13:MX_FDCAN1_Init	8	static
../Core/Src/main.c:718:13:MX_FDCAN2_Init	8	static
../Core/Src/main.c:771:13:MX_I2C4_Init	8	static
../Core/Src/main.c:819:13:MX_LTDC_Init	112	static
../Core/Src/main.c:901:13:MX_QUADSPI_Init	8	static
../Core/Src/main.c:936:13:MX_RTC_Init	8	static
../Core/Src/main.c:972:13:MX_SAI2_Init	8	static
../Core/Src/main.c:1053:13:MX_SDMMC1_MMC_Init	8	static
../Core/Src/main.c:1084:13:MX_SPI2_Init	8	static
../Core/Src/main.c:1132:13:MX_USART3_UART_Init	8	static
../Core/Src/main.c:1180:13:MX_USB_OTG_FS_PCD_Init	8	static
../Core/Src/main.c:1212:13:MX_FMC_Init	40	static
../Core/Src/main.c:1263:13:MX_GPIO_Init	72	static
../Core/Src/main.c:1406:9:user_input	16	static
../Core/Src/main.c:1540:6:print	16	static
../Core/Src/main.c:1551:9:read_data_u8	40	static
../Core/Src/main.c:1573:10:read_data_u16	40	static
../Core/Src/main.c:1595:10:read_data_u32	40	static
../Core/Src/main.c:1618:6:write_data_u8	32	static
../Core/Src/main.c:1637:6:write_data_u16	40	static
../Core/Src/main.c:1660:6:write_data_u32	40	static
../Core/Src/main.c:1679:6:checkForLightRangerCommunication	8	static
../Core/Src/main.c:1699:6:checkModelID	16	static
../Core/Src/main.c:1715:6:lightranger8_software_reset	8	static
../Core/Src/main.c:1723:6:lightranger8_set_distance_mode	16	static
../Core/Src/main.c:1767:6:lightranger8_calibrate_offset	24	static
../Core/Src/main.c:1796:9:lightranger8_get_interrupt_state	8	static
../Core/Src/main.c:1806:9:lightranger8_new_data_ready	16	static
../Core/Src/main.c:1817:6:lightranger8_system_interrupt_clear	16	static
../Core/Src/main.c:1824:6:lightranger8_start_measurement	24	static
../Core/Src/main.c:1837:6:lightranger8_stop_measurement	8	static
../Core/Src/main.c:1843:10:lightranger8_get_distance	16	static
../Core/Src/main.c:1856:6:Error_Handler	4	static,ignoring_inline_asm
